(---------------------------------------------------------------------)
(                                                                     )
(    Allegro Netrev Import Logic                                      )
(                                                                     )
(    Drawing          : BBSOLARCONTROLLER_V3000.brd                   )
(    Software Version : 17.2S004                                      )
(    Date/Time        : Wed Oct 26 13:51:33 2016                      )
(                                                                     )
(---------------------------------------------------------------------)


------ Directives ------------

Ripup etch:                  No
Ripup delete first segment:  No
Ripup retain bondwire:       No
Ripup symbols:               Always
Missing symbol has error:    No
DRC update:                  Yes
Schematic directory:         'C:\NINFEION_GIT\BBSOLARCONTROLLER\PCB\CADENCE\SCHEMATIC\V3000_161022\allegro'
Design Directory:            'C:/Ninfeion_Git/BBSolarController/pcb/cadence/board'
Old design name:             'C:/Ninfeion_Git/BBSolarController/pcb/cadence/board/BBSOLARCONTROLLER_V3000.brd'
New design name:             'C:/Ninfeion_Git/BBSolarController/pcb/cadence/board/BBSOLARCONTROLLER_V3000.brd'

CmdLine: netrev.exe -y 1 -n -i C:\NINFEION_GIT\BBSOLARCONTROLLER\PCB\CADENCE\SCHEMATIC\V3000_161022\allegro C:\Ninfeion_Git\BBSolarController\pcb\cadence\board\BBSOLARCONTROLLER_V3000.brd C:\Ninfeion_Git\BBSolarController\pcb\cadence\board\BBSOLARCONTROLLER_V3000.brd

------ Preparing to read pst files ------

Starting to read C:/NINFEION_GIT/BBSOLARCONTROLLER/PCB/CADENCE/SCHEMATIC/V3000_161022/allegro/pstchip.dat 
   Finished reading C:/NINFEION_GIT/BBSOLARCONTROLLER/PCB/CADENCE/SCHEMATIC/V3000_161022/allegro/pstchip.dat (00:00:00.05)
Starting to read C:/NINFEION_GIT/BBSOLARCONTROLLER/PCB/CADENCE/SCHEMATIC/V3000_161022/allegro/pstxprt.dat 
   Finished reading C:/NINFEION_GIT/BBSOLARCONTROLLER/PCB/CADENCE/SCHEMATIC/V3000_161022/allegro/pstxprt.dat (00:00:00.02)
Starting to read C:/NINFEION_GIT/BBSOLARCONTROLLER/PCB/CADENCE/SCHEMATIC/V3000_161022/allegro/pstxnet.dat 
   Finished reading C:/NINFEION_GIT/BBSOLARCONTROLLER/PCB/CADENCE/SCHEMATIC/V3000_161022/allegro/pstxnet.dat (00:00:00.01)

------ Oversights/Warnings/Errors ------


#1   WARNING(SPMHNI-192): Device/Symbol check warning detected. [help]

WARNING(SPMHNI-194): Symbol 'BUTTON_2PIN' used by RefDes BUTTON1 for device 'SW PUSHBUTTON-SPST/SM_0_BUTTON_' not found in PSMPATH or must be "dbdoctor"ed.

#2   WARNING(SPMHNI-192): Device/Symbol check warning detected. [help]

WARNING(SPMHNI-194): Symbol 'BUTTON_2PIN' used by RefDes BUTTON2 for device 'SW PUSHBUTTON-SPST/SM_0_BUTTO_1' not found in PSMPATH or must be "dbdoctor"ed.

#3   WARNING(SPMHNI-192): Device/Symbol check warning detected. [help]

WARNING(SPMHNI-194): Symbol 'BUTTON_2PIN' used by RefDes BUTTON3 for device 'SW PUSHBUTTON-SPST/SM_0_BUTTO_2' not found in PSMPATH or must be "dbdoctor"ed.

#4   WARNING(SPMHNI-192): Device/Symbol check warning detected. [help]

WARNING(SPMHNI-194): Symbol 'CAP_NPO_0603' used by RefDes CA1 for device 'CAP NP_CAP_NPO_0603_22PF' not found in PSMPATH or must be "dbdoctor"ed.

#5   WARNING(SPMHNI-192): Device/Symbol check warning detected. [help]

WARNING(SPMHNI-194): Symbol 'CAP_NPO_0603' used by RefDes CA10 for device 'CAP NP_CAP_NPO_0603_4.7UF' not found in PSMPATH or must be "dbdoctor"ed.

#6   WARNING(SPMHNI-192): Device/Symbol check warning detected. [help]

WARNING(SPMHNI-194): Symbol 'CAP_NPO_0603' used by RefDes CA11 for device 'CAP NP_CAP_NPO_0603_0.1UF' not found in PSMPATH or must be "dbdoctor"ed.

#7   WARNING(SPMHNI-192): Device/Symbol check warning detected. [help]

WARNING(SPMHNI-194): Symbol 'TCAP_PO_1206' used by RefDes CA3 for device 'CAP_TCAP_PO_1206_10UF' not found in PSMPATH or must be "dbdoctor"ed.

#8   WARNING(SPMHNI-192): Device/Symbol check warning detected. [help]

WARNING(SPMHNI-194): Symbol 'CAP_NPO_0603' used by RefDes CA6 for device 'CAP NP_CAP_NPO_0603_100NF' not found in PSMPATH or must be "dbdoctor"ed.

#9   WARNING(SPMHNI-192): Device/Symbol check warning detected. [help]

WARNING(SPMHNI-194): Symbol 'TCAP_PO_6032' used by RefDes CAXP1 for device 'C_TCAP_PO_6032_100U/16V/6032' not found in PSMPATH or must be "dbdoctor"ed.

#10  WARNING(SPMHNI-192): Device/Symbol check warning detected. [help]

WARNING(SPMHNI-194): Symbol 'CAP_NPO_0603' used by RefDes CAXP10 for device 'CAP NP_CAP_NPO_0603_4.7U/0603' not found in PSMPATH or must be "dbdoctor"ed.

#11  WARNING(SPMHNI-192): Device/Symbol check warning detected. [help]

WARNING(SPMHNI-194): Symbol 'CAP_NPO_0603' used by RefDes CAXP11 for device 'CAP NP_CAP_NPO_0603_2.2U' not found in PSMPATH or must be "dbdoctor"ed.

#12  WARNING(SPMHNI-192): Device/Symbol check warning detected. [help]

WARNING(SPMHNI-194): Symbol 'CAP_NPO_0603' used by RefDes CAXP12 for device 'CAP NP_CAP_NPO_0603_10U' not found in PSMPATH or must be "dbdoctor"ed.

#13  WARNING(SPMHNI-192): Device/Symbol check warning detected. [help]

WARNING(SPMHNI-194): Symbol 'CAP_NPO_0603' used by RefDes CAXP13 for device 'CAP NP_CAP_NPO_0603_1N' not found in PSMPATH or must be "dbdoctor"ed.

#14  WARNING(SPMHNI-192): Device/Symbol check warning detected. [help]

WARNING(SPMHNI-194): Symbol 'CAP_NPO_0603' used by RefDes CAXP14 for device 'CAP NP_CAP_NPO_0603_4.7U' not found in PSMPATH or must be "dbdoctor"ed.

#15  WARNING(SPMHNI-192): Device/Symbol check warning detected. [help]

WARNING(SPMHNI-194): Symbol 'CAP_NPO_0603' used by RefDes CAXP15 for device 'CAP NP_CAP_NPO_0603_1U' not found in PSMPATH or must be "dbdoctor"ed.

#16  WARNING(SPMHNI-192): Device/Symbol check warning detected. [help]

WARNING(SPMHNI-194): Symbol 'CAP_NPO_0603' used by RefDes CAXP5 for device 'CAP NP_CAP_NPO_0603_0.22U/0603' not found in PSMPATH or must be "dbdoctor"ed.

#17  WARNING(SPMHNI-192): Device/Symbol check warning detected. [help]

WARNING(SPMHNI-194): Symbol 'CAP_NPO_0603' used by RefDes CAXP6 for device 'CAP NP_CAP_NPO_0603_10U/16V/060' not found in PSMPATH or must be "dbdoctor"ed.

#18  WARNING(SPMHNI-192): Device/Symbol check warning detected. [help]

WARNING(SPMHNI-194): Symbol 'CAP_NPO_0603' used by RefDes CAXP7 for device 'CAP NP_CAP_NPO_0603_100N' not found in PSMPATH or must be "dbdoctor"ed.

#19  WARNING(SPMHNI-192): Device/Symbol check warning detected. [help]

WARNING(SPMHNI-194): Symbol 'SMD_AL_CAP_100X102' used by RefDes CBAT1 for device 'C_SMD_AL_CAP_100X102_470U/35V' not found in PSMPATH or must be "dbdoctor"ed.

#20  WARNING(SPMHNI-192): Device/Symbol check warning detected. [help]

WARNING(SPMHNI-194): Symbol 'CAP_NPO_0603' used by RefDes CBS1 for device 'C_CAP_NPO_0603_1U' not found in PSMPATH or must be "dbdoctor"ed.

#21  WARNING(SPMHNI-192): Device/Symbol check warning detected. [help]

WARNING(SPMHNI-194): Symbol 'CAP_NPO_0603' used by RefDes CBS11 for device 'C_CAP_NPO_0603_10N' not found in PSMPATH or must be "dbdoctor"ed.

#22  WARNING(SPMHNI-192): Device/Symbol check warning detected. [help]

WARNING(SPMHNI-194): Symbol 'CAP_NPO_0603' used by RefDes CBS12 for device 'CAP NP_CAP_NPO_0603_10N' not found in PSMPATH or must be "dbdoctor"ed.

#23  WARNING(SPMHNI-192): Device/Symbol check warning detected. [help]

WARNING(SPMHNI-194): Symbol 'CAP_NPO_0603' used by RefDes CBS14 for device 'C_CAP_NPO_0603_100N' not found in PSMPATH or must be "dbdoctor"ed.

#24  WARNING(SPMHNI-192): Device/Symbol check warning detected. [help]

WARNING(SPMHNI-194): Symbol 'TCAP_PO_1206' used by RefDes CBS6 for device 'CAP_TCAP_PO_1206_0.1UF' not found in PSMPATH or must be "dbdoctor"ed.

#25  WARNING(SPMHNI-192): Device/Symbol check warning detected. [help]

WARNING(SPMHNI-194): Symbol 'CAP_NPO_0603' used by RefDes CF27 for device 'CAP NP_CAP_NPO_0603_0.01UF' not found in PSMPATH or must be "dbdoctor"ed.

#26  WARNING(SPMHNI-192): Device/Symbol check warning detected. [help]

WARNING(SPMHNI-194): Symbol 'TCAP_PO_1206' used by RefDes CID1 for device 'C_TCAP_PO_1206_10U' not found in PSMPATH or must be "dbdoctor"ed.

#27  WARNING(SPMHNI-192): Device/Symbol check warning detected. [help]

WARNING(SPMHNI-194): Symbol 'TCAP_PO_6032' used by RefDes CMDA1 for device 'C_TCAP_PO_6032_10U/35V/6032' not found in PSMPATH or must be "dbdoctor"ed.

#28  WARNING(SPMHNI-192): Device/Symbol check warning detected. [help]

WARNING(SPMHNI-194): Symbol 'CAP_NPO_0603' used by RefDes CMDA2 for device 'CAP NP_CAP_NPO_0603_0.1U/50V/06' not found in PSMPATH or must be "dbdoctor"ed.

#29  WARNING(SPMHNI-192): Device/Symbol check warning detected. [help]

WARNING(SPMHNI-194): Symbol 'TCAP_PO_6032' used by RefDes CMDB1 for device 'C_TCAP_PO_6032_100U/6032' not found in PSMPATH or must be "dbdoctor"ed.

#30  WARNING(SPMHNI-192): Device/Symbol check warning detected. [help]

WARNING(SPMHNI-194): Symbol 'CAP_NPO_0603' used by RefDes CMDB4 for device 'CAP NP_CAP_NPO_0603_0.047U' not found in PSMPATH or must be "dbdoctor"ed.

#31  WARNING(SPMHNI-192): Device/Symbol check warning detected. [help]

WARNING(SPMHNI-194): Symbol 'CAP_NPO_0603' used by RefDes CMDB5 for device 'CAP NP_CAP_NPO_0603_0.0047U' not found in PSMPATH or must be "dbdoctor"ed.

#32  WARNING(SPMHNI-192): Device/Symbol check warning detected. [help]

WARNING(SPMHNI-194): Symbol 'TCAP_PO_1206' used by RefDes CMDR_B1 for device 'C_TCAP_PO_1206_0.22U' not found in PSMPATH or must be "dbdoctor"ed.

#33  WARNING(SPMHNI-192): Device/Symbol check warning detected. [help]

WARNING(SPMHNI-194): Symbol 'RCL_COM_1206' used by RefDes CMDR_B2 for device 'CAP NP_RCL_COM_1206_0.22U' not found in PSMPATH or must be "dbdoctor"ed.

#34  WARNING(SPMHNI-192): Device/Symbol check warning detected. [help]

WARNING(SPMHNI-194): Symbol 'RCL_COM_1206' used by RefDes CMDR_B3 for device 'CAP NP_RCL_COM_1206_100N' not found in PSMPATH or must be "dbdoctor"ed.

#35  WARNING(SPMHNI-192): Device/Symbol check warning detected. [help]

WARNING(SPMHNI-194): Symbol 'CAP_NPO_0603' used by RefDes CP1 for device 'CAP NP_CAP_NPO_0603_0.1UF/0603' not found in PSMPATH or must be "dbdoctor"ed.

#36  WARNING(SPMHNI-192): Device/Symbol check warning detected. [help]

WARNING(SPMHNI-194): Symbol 'CAP_NPO_0603' used by RefDes CP2 for device 'CAP NP_CAP_NPO_0603_47UF/0603' not found in PSMPATH or must be "dbdoctor"ed.

#37  WARNING(SPMHNI-192): Device/Symbol check warning detected. [help]

WARNING(SPMHNI-194): Symbol 'CAP_NPO_0603' used by RefDes CP3 for device 'CAP NP_CAP_NPO_0603_0.01UF/0603' not found in PSMPATH or must be "dbdoctor"ed.

#38  WARNING(SPMHNI-192): Device/Symbol check warning detected. [help]

WARNING(SPMHNI-194): Symbol 'CAP_NPO_0603' used by RefDes CP4 for device 'CAP NP_CAP_NPO_0603_27PF/0603' not found in PSMPATH or must be "dbdoctor"ed.

#39  WARNING(SPMHNI-192): Device/Symbol check warning detected. [help]

WARNING(SPMHNI-194): Symbol 'CAP_NPO_0603' used by RefDes CP6 for device 'CAP NP_CAP_NPO_0603_0.1UF/50V/0' not found in PSMPATH or must be "dbdoctor"ed.

#40  WARNING(SPMHNI-192): Device/Symbol check warning detected. [help]

WARNING(SPMHNI-194): Symbol 'CAP_NPO_0603' used by RefDes CP7 for device 'CAP NP_CAP_NPO_0603_0.015UF/060' not found in PSMPATH or must be "dbdoctor"ed.

#41  WARNING(SPMHNI-192): Device/Symbol check warning detected. [help]

WARNING(SPMHNI-194): Symbol 'SMD_AL_CAP_100X102' used by RefDes CPV1 for device 'C_SMD_AL_CAP_100X102_220U/50V' not found in PSMPATH or must be "dbdoctor"ed.

#42  WARNING(SPMHNI-192): Device/Symbol check warning detected. [help]

WARNING(SPMHNI-194): Symbol 'DIODE_SMA' used by RefDes DAXP1 for device 'DIODE SCHOTTKY_DIODE_SMA_B340A/' not found in PSMPATH or must be "dbdoctor"ed.

#43  WARNING(SPMHNI-192): Device/Symbol check warning detected. [help]

WARNING(SPMHNI-194): Symbol 'SMA_1N4733_350_145' used by RefDes DBS1 for device '1N4744A_SMA_1N4733_350_145_1N47' not found in PSMPATH or must be "dbdoctor"ed.

#44  WARNING(SPMHNI-192): Device/Symbol check warning detected. [help]

WARNING(SPMHNI-194): Symbol 'DIODE_SMA' used by RefDes DID1 for device 'DIODE SCHOTTKY_DIODE_SMA_B340A' not found in PSMPATH or must be "dbdoctor"ed.

#45  WARNING(SPMHNI-192): Device/Symbol check warning detected. [help]

WARNING(SPMHNI-194): Symbol 'SMA_1N4733_520_270' used by RefDes DID3 for device '1N4744A_SMA_1N4733_520_270_1N47' not found in PSMPATH or must be "dbdoctor"ed.

#46  WARNING(SPMHNI-192): Device/Symbol check warning detected. [help]

WARNING(SPMHNI-194): Symbol 'MBR2045_TO-220AC_2P' used by RefDes DID5 for device 'D1N5819_MBR2045_TO-220AC_2P_MBR' not found in PSMPATH or must be "dbdoctor"ed.

#47  WARNING(SPMHNI-192): Device/Symbol check warning detected. [help]

WARNING(SPMHNI-194): Symbol 'TCAP_PO_1206' used by RefDes DLA1 for device 'LED_TCAP_PO_1206_LED' not found in PSMPATH or must be "dbdoctor"ed.

#48  WARNING(SPMHNI-192): Device/Symbol check warning detected. [help]

WARNING(SPMHNI-194): Symbol 'RCL_COM_1206' used by RefDes FB1 for device 'INDUCTOR_RCL_COM_1206_1UH' not found in PSMPATH or must be "dbdoctor"ed.

#49  WARNING(SPMHNI-192): Device/Symbol check warning detected. [help]

WARNING(SPMHNI-194): Symbol 'RCL_COM_1206' used by RefDes FB8 for device 'INDUCTOR_RCL_COM_1206_1U' not found in PSMPATH or must be "dbdoctor"ed.

#50  WARNING(SPMHNI-192): Device/Symbol check warning detected. [help]

WARNING(SPMHNI-194): Symbol 'SMD_4PIN_SINGLE_JACK' used by RefDes J1 for device 'SIP4_0_SMD_4PIN_SINGLE_JACK_ARM' not found in PSMPATH or must be "dbdoctor"ed.

#51  WARNING(SPMHNI-192): Device/Symbol check warning detected. [help]

WARNING(SPMHNI-194): Symbol 'SMD_8PIN_JACK' used by RefDes J10 for device 'HEADER 5X2_2_SMD_8PIN_JACK_FPGA' not found in PSMPATH or must be "dbdoctor"ed.

#52  WARNING(SPMHNI-192): Device/Symbol check warning detected. [help]

WARNING(SPMHNI-194): Symbol 'MICROUSB' used by RefDes J2 for device 'MICROUSB_1_MICROUSB_MICRO USB' not found in PSMPATH or must be "dbdoctor"ed.

#53  WARNING(SPMHNI-192): Device/Symbol check warning detected. [help]

WARNING(SPMHNI-194): Symbol 'SMD_8PIN_JACK' used by RefDes J3 for device 'HEADER 5X2_4_SMD_8PIN_JACK_ARM_' not found in PSMPATH or must be "dbdoctor"ed.

#54  WARNING(SPMHNI-192): Device/Symbol check warning detected. [help]

WARNING(SPMHNI-194): Symbol 'SMD_8PIN_JACK' used by RefDes J4 for device 'HEADER 5X2_3_SMD_8PIN_JACK_AXP_' not found in PSMPATH or must be "dbdoctor"ed.

#55  WARNING(SPMHNI-192): Device/Symbol check warning detected. [help]

WARNING(SPMHNI-194): Symbol 'PV_BAT_LOAD_CONNECTOR_2P_762' used by RefDes J5 for device 'PV_1_PV_BAT_LOAD_CONNECTOR_2P_7' not found in PSMPATH or must be "dbdoctor"ed.

#56  WARNING(SPMHNI-192): Device/Symbol check warning detected. [help]

WARNING(SPMHNI-194): Symbol 'PV_BAT_LOAD_CONNECTOR_2P_762' used by RefDes J6 for device 'LOAD_PV_BAT_LOAD_CONNECTOR_2P_7' not found in PSMPATH or must be "dbdoctor"ed.

#57  WARNING(SPMHNI-192): Device/Symbol check warning detected. [help]

WARNING(SPMHNI-194): Symbol 'PV_BAT_LOAD_CONNECTOR_2P_762' used by RefDes J7 for device 'BAT_0_PV_BAT_LOAD_CONNECTOR_2P_' not found in PSMPATH or must be "dbdoctor"ed.

#58  WARNING(SPMHNI-192): Device/Symbol check warning detected. [help]

WARNING(SPMHNI-194): Symbol 'SMD_40PIN_JACK' used by RefDes J8 for device '20PIN_HEADER_SMD_40PIN_JACK_PRO' not found in PSMPATH or must be "dbdoctor"ed.

#59  WARNING(SPMHNI-192): Device/Symbol check warning detected. [help]

WARNING(SPMHNI-194): Symbol 'SMD_8PIN_JACK' used by RefDes J9 for device 'HEADER 5X2_SMD_8PIN_JACK_FPGA_J' not found in PSMPATH or must be "dbdoctor"ed.

#60  WARNING(SPMHNI-192): Device/Symbol check warning detected. [help]

WARNING(SPMHNI-194): Symbol 'BUTTON_2PIN' used by RefDes KEYF1 for device 'SW PUSHBUTTON-SPST/SM_0_BUTTO_3' not found in PSMPATH or must be "dbdoctor"ed.

#61  WARNING(SPMHNI-192): Device/Symbol check warning detected. [help]

WARNING(SPMHNI-194): Symbol 'INDUCTOR_0420_H2' used by RefDes LAXP1 for device 'INDUCTOR_INDUCTOR_0420_H2_2.2U/' not found in PSMPATH or must be "dbdoctor"ed.

#62  WARNING(SPMHNI-192): Device/Symbol check warning detected. [help]

WARNING(SPMHNI-194): Symbol 'INDUCTOR_0420_H2' used by RefDes LAXP2 for device 'INDUCTOR_INDUCTOR_0420_H2_4.7U/' not found in PSMPATH or must be "dbdoctor"ed.

#63  WARNING(SPMHNI-192): Device/Symbol check warning detected. [help]

WARNING(SPMHNI-194): Symbol 'CAP_NPO_0603' used by RefDes LF1 for device 'INDUCTOR_CAP_NPO_0603_47NH' not found in PSMPATH or must be "dbdoctor"ed.

#64  WARNING(SPMHNI-192): Device/Symbol check warning detected. [help]

WARNING(SPMHNI-194): Symbol 'INDUCTOR_0420_H2' used by RefDes LP1 for device 'INDUCTOR IRON_INDUCTOR_0420_H2_' not found in PSMPATH or must be "dbdoctor"ed.

#65  WARNING(SPMHNI-192): Device/Symbol check warning detected. [help]

WARNING(SPMHNI-194): Symbol 'IRF3205_TO220AB-3P' used by RefDes MB1 for device 'MPF4150_IRF3205_TO220AB-3P_IRF3' not found in PSMPATH or must be "dbdoctor"ed.

#66  WARNING(SPMHNI-192): Device/Symbol check warning detected. [help]

WARNING(SPMHNI-194): Symbol 'IRF3205_TO220AB-3P' used by RefDes MID1 for device 'IRF1404_IRF3205_TO220AB-3P_IRF3' not found in PSMPATH or must be "dbdoctor"ed.

#67  WARNING(SPMHNI-192): Device/Symbol check warning detected. [help]

WARNING(SPMHNI-194): Symbol 'EP4CE6E144QFP-145N' used by RefDes P1 for device 'EP4CE6E144_EP4CE6E144QFP-145N_(' not found in PSMPATH or must be "dbdoctor"ed.

#68  WARNING(SPMHNI-192): Device/Symbol check warning detected. [help]

WARNING(SPMHNI-194): Symbol 'INDUCTOR_ROUND_250_150_120-2N' used by RefDes PV_BAT_L1 for device 'INDUCTOR_INDUCTOR_ROUND_250_150' not found in PSMPATH or must be "dbdoctor"ed.

#69  WARNING(SPMHNI-192): Device/Symbol check warning detected. [help]

WARNING(SPMHNI-194): Symbol 'SS8050_SOT23-3-3N' used by RefDes QF1 for device 'NPN BCE_SS8050_SOT23-3-3N_8050' not found in PSMPATH or must be "dbdoctor"ed.

#70  WARNING(SPMHNI-192): Device/Symbol check warning detected. [help]

WARNING(SPMHNI-194): Symbol 'CAP_NPO_0603' used by RefDes RA1 for device 'R_CAP_NPO_0603_2.2K' not found in PSMPATH or must be "dbdoctor"ed.

#71  WARNING(SPMHNI-192): Device/Symbol check warning detected. [help]

WARNING(SPMHNI-194): Symbol 'CAP_NPO_0603' used by RefDes RA4 for device 'RESISTOR_CAP_NPO_0603_1.5K' not found in PSMPATH or must be "dbdoctor"ed.

#72  WARNING(SPMHNI-192): Device/Symbol check warning detected. [help]

WARNING(SPMHNI-194): Symbol 'CAP_NPO_0603' used by RefDes RA5 for device 'RESISTOR_CAP_NPO_0603_10K' not found in PSMPATH or must be "dbdoctor"ed.

#73  WARNING(SPMHNI-192): Device/Symbol check warning detected. [help]

WARNING(SPMHNI-194): Symbol 'RCL_COM_1206' used by RefDes RBS1 for device 'RESISTOR_RCL_COM_1206_100K' not found in PSMPATH or must be "dbdoctor"ed.

#74  WARNING(SPMHNI-192): Device/Symbol check warning detected. [help]

WARNING(SPMHNI-194): Symbol 'RCL_COM_1206' used by RefDes RBS10 for device 'RESISTOR_RCL_COM_1206_REF_EN' not found in PSMPATH or must be "dbdoctor"ed.

#75  WARNING(SPMHNI-192): Device/Symbol check warning detected. [help]

WARNING(SPMHNI-194): Symbol 'RCL_COM_1206' used by RefDes RBS11 for device 'RESISTOR_RCL_COM_1206_REF_VCC' not found in PSMPATH or must be "dbdoctor"ed.

#76  WARNING(SPMHNI-192): Device/Symbol check warning detected. [help]

WARNING(SPMHNI-194): Symbol 'RCL_COM_1206' used by RefDes RBS12 for device 'RESISTOR_RCL_COM_1206_REF_GND' not found in PSMPATH or must be "dbdoctor"ed.

#77  WARNING(SPMHNI-192): Device/Symbol check warning detected. [help]

WARNING(SPMHNI-194): Symbol 'RCL_COM_1206' used by RefDes RBS14 for device 'RESISTOR_RCL_COM_1206_SC_IC' not found in PSMPATH or must be "dbdoctor"ed.

#78  WARNING(SPMHNI-192): Device/Symbol check warning detected. [help]

WARNING(SPMHNI-194): Symbol 'RCL_COM_1206' used by RefDes RBS15 for device 'RESISTOR_RCL_COM_1206_AD_BAT_GN' not found in PSMPATH or must be "dbdoctor"ed.

#79  WARNING(SPMHNI-192): Device/Symbol check warning detected. [help]

WARNING(SPMHNI-194): Symbol 'RCL_COM_1206' used by RefDes RBS16 for device 'RESISTOR_RCL_COM_1206_6.8K' not found in PSMPATH or must be "dbdoctor"ed.

#80  WARNING(SPMHNI-192): Device/Symbol check warning detected. [help]

WARNING(SPMHNI-194): Symbol 'SAMPLE_RESISTOR_2512' used by RefDes RBS17 for device 'RESISTOR_SAMPLE_RESISTOR_2512_0' not found in PSMPATH or must be "dbdoctor"ed.

#81  WARNING(SPMHNI-192): Device/Symbol check warning detected. [help]

WARNING(SPMHNI-194): Symbol 'RCL_COM_1206' used by RefDes RBS3 for device 'RESISTOR_RCL_COM_1206_10K' not found in PSMPATH or must be "dbdoctor"ed.

#82  WARNING(SPMHNI-192): Device/Symbol check warning detected. [help]

WARNING(SPMHNI-194): Symbol 'RCL_COM_1206' used by RefDes RBS4 for device 'RESISTOR_RCL_COM_1206_10K/0603/' not found in PSMPATH or must be "dbdoctor"ed.

#83  WARNING(SPMHNI-192): Device/Symbol check warning detected. [help]

WARNING(SPMHNI-194): Symbol 'RCL_COM_1206' used by RefDes RBS6 for device 'RESISTOR_RCL_COM_1206_100K/0603' not found in PSMPATH or must be "dbdoctor"ed.

#84  WARNING(SPMHNI-192): Device/Symbol check warning detected. [help]

WARNING(SPMHNI-194): Symbol 'RCL_COM_1206' used by RefDes RBS9 for device 'RESISTOR_RCL_COM_1206_SC_AMP' not found in PSMPATH or must be "dbdoctor"ed.

#85  WARNING(SPMHNI-192): Device/Symbol check warning detected. [help]

WARNING(SPMHNI-194): Symbol 'CAP_NPO_0603' used by RefDes RF1 for device 'RESISTOR_CAP_NPO_0603_1K' not found in PSMPATH or must be "dbdoctor"ed.

#86  WARNING(SPMHNI-192): Device/Symbol check warning detected. [help]

WARNING(SPMHNI-194): Symbol 'CAP_NPO_0603' used by RefDes RF10 for device 'R_CAP_NPO_0603_4.7K' not found in PSMPATH or must be "dbdoctor"ed.

#87  WARNING(SPMHNI-192): Device/Symbol check warning detected. [help]

WARNING(SPMHNI-194): Symbol 'CAP_NPO_0603' used by RefDes RF12 for device 'RESISTOR_CAP_NPO_0603_7.57K' not found in PSMPATH or must be "dbdoctor"ed.

#88  WARNING(SPMHNI-192): Device/Symbol check warning detected. [help]

WARNING(SPMHNI-194): Symbol 'CAP_NPO_0603' used by RefDes RF13 for device 'RESISTOR_CAP_NPO_0603_3.63K' not found in PSMPATH or must be "dbdoctor"ed.

#89  WARNING(SPMHNI-192): Device/Symbol check warning detected. [help]

WARNING(SPMHNI-194): Symbol 'CAP_NPO_0603' used by RefDes RF14 for device 'RESISTOR_CAP_NPO_0603_4.7K' not found in PSMPATH or must be "dbdoctor"ed.

#90  WARNING(SPMHNI-192): Device/Symbol check warning detected. [help]

WARNING(SPMHNI-194): Symbol 'CAP_NPO_0603' used by RefDes RF19 for device 'RESISTOR_CAP_NPO_0603_100' not found in PSMPATH or must be "dbdoctor"ed.

#91  WARNING(SPMHNI-192): Device/Symbol check warning detected. [help]

WARNING(SPMHNI-194): Symbol 'CAP_NPO_0603' used by RefDes RF22 for device 'RESISTOR_CAP_NPO_0603_22' not found in PSMPATH or must be "dbdoctor"ed.

#92  WARNING(SPMHNI-192): Device/Symbol check warning detected. [help]

WARNING(SPMHNI-194): Symbol 'CAP_NPO_0603' used by RefDes RF6 for device 'R_CAP_NPO_0603_2K' not found in PSMPATH or must be "dbdoctor"ed.

#93  WARNING(SPMHNI-192): Device/Symbol check warning detected. [help]

WARNING(SPMHNI-194): Symbol 'CAP_NPO_0603' used by RefDes RF7 for device 'R_CAP_NPO_0603_100' not found in PSMPATH or must be "dbdoctor"ed.

#94  WARNING(SPMHNI-192): Device/Symbol check warning detected. [help]

WARNING(SPMHNI-194): Symbol 'CAP_NPO_0603' used by RefDes RID1 for device 'R_CAP_NPO_0603_200' not found in PSMPATH or must be "dbdoctor"ed.

#95  WARNING(SPMHNI-192): Device/Symbol check warning detected. [help]

WARNING(SPMHNI-194): Symbol 'RCL_COM_1206' used by RefDes RLS15 for device 'RESISTOR_RCL_COM_1206_AD_LOAD_G' not found in PSMPATH or must be "dbdoctor"ed.

#96  WARNING(SPMHNI-192): Device/Symbol check warning detected. [help]

WARNING(SPMHNI-194): Symbol 'CAP_NPO_0603' used by RefDes RMDA1 for device 'R_CAP_NPO_0603_100K/0603' not found in PSMPATH or must be "dbdoctor"ed.

#97  WARNING(SPMHNI-192): Device/Symbol check warning detected. [help]

WARNING(SPMHNI-194): Symbol 'CAP_NPO_0603' used by RefDes RMDA2 for device 'R_CAP_NPO_0603_4K/0603' not found in PSMPATH or must be "dbdoctor"ed.

#98  WARNING(SPMHNI-192): Device/Symbol check warning detected. [help]

WARNING(SPMHNI-194): Symbol 'CAP_NPO_0603' used by RefDes RMDB1 for device 'R_CAP_NPO_0603_56K/0603/1%' not found in PSMPATH or must be "dbdoctor"ed.

#99  WARNING(SPMHNI-192): Device/Symbol check warning detected. [help]

WARNING(SPMHNI-194): Symbol 'CAP_NPO_0603' used by RefDes RMDB2 for device 'R_CAP_NPO_0603_2K/0603/1%' not found in PSMPATH or must be "dbdoctor"ed.

#100 WARNING(SPMHNI-192): Device/Symbol check warning detected. [help]

WARNING(SPMHNI-194): Symbol 'RCL_COM_1206' used by RefDes RMDR_B1 for device 'RESISTOR_RCL_COM_1206_4.7' not found in PSMPATH or must be "dbdoctor"ed.

#101 WARNING(SPMHNI-192): Device/Symbol check warning detected. [help]

WARNING(SPMHNI-194): Symbol 'RCL_COM_1206' used by RefDes RMDR_B4 for device 'RESISTOR_RCL_COM_1206_GND_MDR_B' not found in PSMPATH or must be "dbdoctor"ed.

#102 WARNING(SPMHNI-192): Device/Symbol check warning detected. [help]

WARNING(SPMHNI-194): Symbol 'RCL_COM_1206' used by RefDes RMDR_F4 for device 'RESISTOR_RCL_COM_1206_GND_MDR_F' not found in PSMPATH or must be "dbdoctor"ed.

#103 WARNING(SPMHNI-192): Device/Symbol check warning detected. [help]

WARNING(SPMHNI-194): Symbol 'CAP_NPO_0603' used by RefDes RP1 for device 'R_CAP_NPO_0603_10K/0603' not found in PSMPATH or must be "dbdoctor"ed.

#104 WARNING(SPMHNI-192): Device/Symbol check warning detected. [help]

WARNING(SPMHNI-194): Symbol 'CAP_NPO_0603' used by RefDes RP2 for device 'R_CAP_NPO_0603_1.5K/0603' not found in PSMPATH or must be "dbdoctor"ed.

#105 WARNING(SPMHNI-192): Device/Symbol check warning detected. [help]

WARNING(SPMHNI-194): Symbol 'CAP_NPO_0603' used by RefDes RP3 for device 'R_CAP_NPO_0603_50K/0603' not found in PSMPATH or must be "dbdoctor"ed.

#106 WARNING(SPMHNI-192): Device/Symbol check warning detected. [help]

WARNING(SPMHNI-194): Symbol 'CAP_NPO_0603' used by RefDes RP4 for device 'R_CAP_NPO_0603_1K/0603' not found in PSMPATH or must be "dbdoctor"ed.

#107 WARNING(SPMHNI-192): Device/Symbol check warning detected. [help]

WARNING(SPMHNI-194): Symbol 'CAP_NPO_0603' used by RefDes RP5 for device 'R_CAP_NPO_0603_20K/0603' not found in PSMPATH or must be "dbdoctor"ed.

#108 WARNING(SPMHNI-192): Device/Symbol check warning detected. [help]

WARNING(SPMHNI-194): Symbol 'RP_RESISTOR_ARRAY_0603-8N' used by RefDes RPKEY1 for device 'R-PACK_1_RP_RESISTOR_ARRAY_0603' not found in PSMPATH or must be "dbdoctor"ed.

#109 WARNING(SPMHNI-192): Device/Symbol check warning detected. [help]

WARNING(SPMHNI-194): Symbol 'RCL_COM_1206' used by RefDes RPM1 for device 'R_RCL_COM_1206_BOOST' not found in PSMPATH or must be "dbdoctor"ed.

#110 WARNING(SPMHNI-192): Device/Symbol check warning detected. [help]

WARNING(SPMHNI-194): Symbol 'RCL_COM_1206' used by RefDes RPM10 for device 'R_RCL_COM_1206_AXP_GND' not found in PSMPATH or must be "dbdoctor"ed.

#111 WARNING(SPMHNI-192): Device/Symbol check warning detected. [help]

WARNING(SPMHNI-194): Symbol 'RCL_COM_1206' used by RefDes RPM11 for device 'R_RCL_COM_1206_FPGA_GND' not found in PSMPATH or must be "dbdoctor"ed.

#112 WARNING(SPMHNI-192): Device/Symbol check warning detected. [help]

WARNING(SPMHNI-194): Symbol 'RCL_COM_1206' used by RefDes RPM12 for device 'R_RCL_COM_1206_AXP_AGND' not found in PSMPATH or must be "dbdoctor"ed.

#113 WARNING(SPMHNI-192): Device/Symbol check warning detected. [help]

WARNING(SPMHNI-194): Symbol 'RCL_COM_1206' used by RefDes RPM13 for device 'R_RCL_COM_1206_ARM_GND' not found in PSMPATH or must be "dbdoctor"ed.

#114 WARNING(SPMHNI-192): Device/Symbol check warning detected. [help]

WARNING(SPMHNI-194): Symbol 'CAP_NPO_0603' used by RefDes RPM2 for device 'R_CAP_NPO_0603_106K' not found in PSMPATH or must be "dbdoctor"ed.

#115 WARNING(SPMHNI-192): Device/Symbol check warning detected. [help]

WARNING(SPMHNI-194): Symbol 'CAP_NPO_0603' used by RefDes RPM3 for device 'R_CAP_NPO_0603_13K' not found in PSMPATH or must be "dbdoctor"ed.

#116 WARNING(SPMHNI-192): Device/Symbol check warning detected. [help]

WARNING(SPMHNI-194): Symbol 'RCL_COM_1206' used by RefDes RPM4 for device 'R_RCL_COM_1206_BUCK' not found in PSMPATH or must be "dbdoctor"ed.

#117 WARNING(SPMHNI-192): Device/Symbol check warning detected. [help]

WARNING(SPMHNI-194): Symbol 'RCL_COM_1206' used by RefDes RPM5 for device 'R_RCL_COM_1206_PMIC' not found in PSMPATH or must be "dbdoctor"ed.

#118 WARNING(SPMHNI-192): Device/Symbol check warning detected. [help]

WARNING(SPMHNI-194): Symbol 'CAP_NPO_0603' used by RefDes RPM6 for device 'R_CAP_NPO_0603_2.2/0603' not found in PSMPATH or must be "dbdoctor"ed.

#119 WARNING(SPMHNI-192): Device/Symbol check warning detected. [help]

WARNING(SPMHNI-194): Symbol 'RCL_COM_1206' used by RefDes RPM8 for device 'R_RCL_COM_1206_0' not found in PSMPATH or must be "dbdoctor"ed.

#120 WARNING(SPMHNI-192): Device/Symbol check warning detected. [help]

WARNING(SPMHNI-194): Symbol 'RP_RESISTOR_ARRAY_0603-8N' used by RefDes RPSEG1 for device 'R-PACK_1_RP_RESISTOR_ARRAY_06_1' not found in PSMPATH or must be "dbdoctor"ed.

#121 WARNING(SPMHNI-192): Device/Symbol check warning detected. [help]

WARNING(SPMHNI-194): Symbol 'RCL_COM_1206' used by RefDes RPVS15 for device 'RESISTOR_RCL_COM_1206_AD_PV_GND' not found in PSMPATH or must be "dbdoctor"ed.

#122 WARNING(SPMHNI-192): Device/Symbol check warning detected. [help]

WARNING(SPMHNI-194): Symbol 'SWITCH_6PIN' used by RefDes SW1 for device 'SW_T_SPDT_SWITCH_6PIN_N_OE' not found in PSMPATH or must be "dbdoctor"ed.

#123 WARNING(SPMHNI-192): Device/Symbol check warning detected. [help]

WARNING(SPMHNI-194): Symbol 'SWITCH_6PIN' used by RefDes SW2 for device 'SW_T_SPDT_SWITCH_6PIN_VBUS_EN' not found in PSMPATH or must be "dbdoctor"ed.

#124 WARNING(SPMHNI-192): Device/Symbol check warning detected. [help]

WARNING(SPMHNI-194): Symbol 'ETD29_L_14P_DIP' used by RefDes T1 for device 'ETD29_TRAN_0_ETD29_L_14P_DIP_ET' not found in PSMPATH or must be "dbdoctor"ed.

#125 WARNING(SPMHNI-192): Device/Symbol check warning detected. [help]

WARNING(SPMHNI-194): Symbol 'TESTPOINT120' used by RefDes TEST_POINT1 for device 'TEST POINT_TESTPOINT120_PV_2.5V' not found in PSMPATH or must be "dbdoctor"ed.

#126 WARNING(SPMHNI-192): Device/Symbol check warning detected. [help]

WARNING(SPMHNI-194): Symbol 'TESTPOINT120' used by RefDes TEST_POINT10 for device 'TEST POINT_TESTPOINT120_BAT_AD1' not found in PSMPATH or must be "dbdoctor"ed.

#127 WARNING(SPMHNI-192): Device/Symbol check warning detected. [help]

WARNING(SPMHNI-194): Symbol 'TESTPOINT120' used by RefDes TEST_POINT11 for device 'TEST POINT_TESTPOINT120_LOAD_2.' not found in PSMPATH or must be "dbdoctor"ed.

#128 WARNING(SPMHNI-192): Device/Symbol check warning detected. [help]

WARNING(SPMHNI-194): Symbol 'TESTPOINT120' used by RefDes TEST_POINT12 for device 'TEST POINT_TESTPOINT120_LOAD__1' not found in PSMPATH or must be "dbdoctor"ed.

#129 WARNING(SPMHNI-192): Device/Symbol check warning detected. [help]

WARNING(SPMHNI-194): Symbol 'TESTPOINT120' used by RefDes TEST_POINT13 for device 'TEST POINT_TESTPOINT120_LOAD_1V' not found in PSMPATH or must be "dbdoctor"ed.

#130 WARNING(SPMHNI-192): Device/Symbol check warning detected. [help]

WARNING(SPMHNI-194): Symbol 'TESTPOINT120' used by RefDes TEST_POINT14 for device 'TEST POINT_TESTPOINT120_LOAD_AD' not found in PSMPATH or must be "dbdoctor"ed.

#131 WARNING(SPMHNI-192): Device/Symbol check warning detected. [help]

WARNING(SPMHNI-194): Symbol 'TESTPOINT120' used by RefDes TEST_POINT15 for device 'TEST POINT_TESTPOINT120_LOAD__2' not found in PSMPATH or must be "dbdoctor"ed.

#132 WARNING(SPMHNI-192): Device/Symbol check warning detected. [help]

WARNING(SPMHNI-194): Symbol 'TESTPOINT120' used by RefDes TEST_POINT16 for device 'TEST POINT_TESTPOINT120_ARM_TXD' not found in PSMPATH or must be "dbdoctor"ed.

#133 WARNING(SPMHNI-192): Device/Symbol check warning detected. [help]

WARNING(SPMHNI-194): Symbol 'TESTPOINT120' used by RefDes TEST_POINT17 for device 'TEST POINT_TESTPOINT120_ARM_RXD' not found in PSMPATH or must be "dbdoctor"ed.

#134 WARNING(SPMHNI-192): Device/Symbol check warning detected. [help]

WARNING(SPMHNI-194): Symbol 'TESTPOINT120' used by RefDes TEST_POINT18 for device 'TEST POINT_TESTPOINT120_SPI_NSS' not found in PSMPATH or must be "dbdoctor"ed.

#135 WARNING(SPMHNI-192): Device/Symbol check warning detected. [help]

WARNING(SPMHNI-194): Symbol 'TESTPOINT120' used by RefDes TEST_POINT19 for device 'TEST POINT_TESTPOINT120_SPI_SCK' not found in PSMPATH or must be "dbdoctor"ed.

#136 WARNING(SPMHNI-192): Device/Symbol check warning detected. [help]

WARNING(SPMHNI-194): Symbol 'TESTPOINT120' used by RefDes TEST_POINT2 for device 'TEST POINT_TESTPOINT120_BAT_2.5' not found in PSMPATH or must be "dbdoctor"ed.

#137 WARNING(SPMHNI-192): Device/Symbol check warning detected. [help]

WARNING(SPMHNI-194): Symbol 'TESTPOINT120' used by RefDes TEST_POINT20 for device 'TEST POINT_TESTPOINT120_SPI_MIS' not found in PSMPATH or must be "dbdoctor"ed.

#138 WARNING(SPMHNI-192): Device/Symbol check warning detected. [help]

WARNING(SPMHNI-194): Symbol 'TESTPOINT120' used by RefDes TEST_POINT21 for device 'TEST POINT_TESTPOINT120_SPI_MOS' not found in PSMPATH or must be "dbdoctor"ed.

#139 WARNING(SPMHNI-192): Device/Symbol check warning detected. [help]

WARNING(SPMHNI-194): Symbol 'TESTPOINT120' used by RefDes TEST_POINT22 for device 'TEST POINT_TESTPOINT120_BAT_6V' not found in PSMPATH or must be "dbdoctor"ed.

#140 WARNING(SPMHNI-192): Device/Symbol check warning detected. [help]

WARNING(SPMHNI-194): Symbol 'TESTPOINT120' used by RefDes TEST_POINT23 for device 'TEST POINT_TESTPOINT120_AMP_5V' not found in PSMPATH or must be "dbdoctor"ed.

#141 WARNING(SPMHNI-192): Device/Symbol check warning detected. [help]

WARNING(SPMHNI-194): Symbol 'TESTPOINT120' used by RefDes TEST_POINT24 for device 'TEST POINT_TESTPOINT120_MDR_15V' not found in PSMPATH or must be "dbdoctor"ed.

#142 WARNING(SPMHNI-192): Device/Symbol check warning detected. [help]

WARNING(SPMHNI-194): Symbol 'TESTPOINT120' used by RefDes TEST_POINT25 for device 'TEST POINT_TESTPOINT120_EXTEN' not found in PSMPATH or must be "dbdoctor"ed.

#143 WARNING(SPMHNI-192): Device/Symbol check warning detected. [help]

WARNING(SPMHNI-194): Symbol 'TESTPOINT120' used by RefDes TEST_POINT26 for device 'TEST POINT_TESTPOINT120_PEK' not found in PSMPATH or must be "dbdoctor"ed.

#144 WARNING(SPMHNI-192): Device/Symbol check warning detected. [help]

WARNING(SPMHNI-194): Symbol 'TESTPOINT120' used by RefDes TEST_POINT27 for device 'TEST POINT_TESTPOINT120_MDR_35V' not found in PSMPATH or must be "dbdoctor"ed.

#145 WARNING(SPMHNI-192): Device/Symbol check warning detected. [help]

WARNING(SPMHNI-194): Symbol 'TESTPOINT120' used by RefDes TEST_POINT28 for device 'TEST POINT_TESTPOINT120_AD_BAT_' not found in PSMPATH or must be "dbdoctor"ed.

#146 WARNING(SPMHNI-192): Device/Symbol check warning detected. [help]

WARNING(SPMHNI-194): Symbol 'TESTPOINT120' used by RefDes TEST_POINT29 for device 'TEST POINT_TESTPOINT120_AD_BA_1' not found in PSMPATH or must be "dbdoctor"ed.

#147 WARNING(SPMHNI-192): Device/Symbol check warning detected. [help]

WARNING(SPMHNI-194): Symbol 'TESTPOINT120' used by RefDes TEST_POINT3 for device 'TEST POINT_TESTPOINT120_PV_2._1' not found in PSMPATH or must be "dbdoctor"ed.

#148 WARNING(SPMHNI-192): Device/Symbol check warning detected. [help]

WARNING(SPMHNI-194): Symbol 'TESTPOINT120' used by RefDes TEST_POINT30 for device 'TEST POINT_TESTPOINT120_AD_BA_2' not found in PSMPATH or must be "dbdoctor"ed.

#149 WARNING(SPMHNI-192): Device/Symbol check warning detected. [help]

WARNING(SPMHNI-194): Symbol 'TESTPOINT120' used by RefDes TEST_POINT31 for device 'TEST POINT_TESTPOINT120_AD_BA_3' not found in PSMPATH or must be "dbdoctor"ed.

#150 WARNING(SPMHNI-192): Device/Symbol check warning detected. [help]

WARNING(SPMHNI-194): Symbol 'TESTPOINT120' used by RefDes TEST_POINT32 for device 'TEST POINT_TESTPOINT120_Q1_PWM' not found in PSMPATH or must be "dbdoctor"ed.

#151 WARNING(SPMHNI-192): Device/Symbol check warning detected. [help]

WARNING(SPMHNI-194): Symbol 'TESTPOINT120' used by RefDes TEST_POINT33 for device 'TEST POINT_TESTPOINT120_Q2_PWM' not found in PSMPATH or must be "dbdoctor"ed.

#152 WARNING(SPMHNI-192): Device/Symbol check warning detected. [help]

WARNING(SPMHNI-194): Symbol 'TESTPOINT120' used by RefDes TEST_POINT34 for device 'TEST POINT_TESTPOINT120_Q3_PWM' not found in PSMPATH or must be "dbdoctor"ed.

#153 WARNING(SPMHNI-192): Device/Symbol check warning detected. [help]

WARNING(SPMHNI-194): Symbol 'TESTPOINT120' used by RefDes TEST_POINT35 for device 'TEST POINT_TESTPOINT120_Q4_PWM' not found in PSMPATH or must be "dbdoctor"ed.

#154 WARNING(SPMHNI-192): Device/Symbol check warning detected. [help]

WARNING(SPMHNI-194): Symbol 'TESTPOINT120' used by RefDes TEST_POINT4 for device 'TEST POINT_TESTPOINT120_BAT_2_1' not found in PSMPATH or must be "dbdoctor"ed.

#155 WARNING(SPMHNI-192): Device/Symbol check warning detected. [help]

WARNING(SPMHNI-194): Symbol 'TESTPOINT120' used by RefDes TEST_POINT5 for device 'TEST POINT_TESTPOINT120_PV_1V' not found in PSMPATH or must be "dbdoctor"ed.

#156 WARNING(SPMHNI-192): Device/Symbol check warning detected. [help]

WARNING(SPMHNI-194): Symbol 'TESTPOINT120' used by RefDes TEST_POINT6 for device 'TEST POINT_TESTPOINT120_BAT_1V' not found in PSMPATH or must be "dbdoctor"ed.

#157 WARNING(SPMHNI-192): Device/Symbol check warning detected. [help]

WARNING(SPMHNI-194): Symbol 'TESTPOINT120' used by RefDes TEST_POINT7 for device 'TEST POINT_TESTPOINT120_PV_AD2' not found in PSMPATH or must be "dbdoctor"ed.

#158 WARNING(SPMHNI-192): Device/Symbol check warning detected. [help]

WARNING(SPMHNI-194): Symbol 'TESTPOINT120' used by RefDes TEST_POINT8 for device 'TEST POINT_TESTPOINT120_PV_AD1' not found in PSMPATH or must be "dbdoctor"ed.

#159 WARNING(SPMHNI-192): Device/Symbol check warning detected. [help]

WARNING(SPMHNI-194): Symbol 'TESTPOINT120' used by RefDes TEST_POINT9 for device 'TEST POINT_TESTPOINT120_BAT_AD2' not found in PSMPATH or must be "dbdoctor"ed.

#160 WARNING(SPMHNI-192): Device/Symbol check warning detected. [help]

WARNING(SPMHNI-194): Symbol 'AD780SOIC_N-8N' used by RefDes U1 for device 'AD780_AD780SOIC_N-8N_AD780' not found in PSMPATH or must be "dbdoctor"ed.

#161 WARNING(SPMHNI-192): Device/Symbol check warning detected. [help]

WARNING(SPMHNI-194): Symbol 'LM385TSSOP-8N' used by RefDes U10 for device 'LM385_LM385TSSOP-8N_LM385' not found in PSMPATH or must be "dbdoctor"ed.

#162 WARNING(SPMHNI-192): Device/Symbol check warning detected. [help]

WARNING(SPMHNI-194): Symbol 'ADC122S101VSSOP-8N' used by RefDes U11 for device 'ADC122S101_ADC122S101VSSOP-8N_A' not found in PSMPATH or must be "dbdoctor"ed.

#163 WARNING(SPMHNI-192): Device/Symbol check warning detected. [help]

WARNING(SPMHNI-194): Symbol 'LM358TSSOP-8NP' used by RefDes U14 for device 'LM358-SINGLECHIP_LM358TSSOP-8NP' not found in PSMPATH or must be "dbdoctor"ed.

#164 WARNING(SPMHNI-192): Device/Symbol check warning detected. [help]

WARNING(SPMHNI-194): Symbol 'AD8210SOIC_N-8N' used by RefDes U15 for device 'AD8210_AD8210SOIC_N-8N_AD8210' not found in PSMPATH or must be "dbdoctor"ed.

#165 WARNING(SPMHNI-192): Device/Symbol check warning detected. [help]

WARNING(SPMHNI-194): Symbol 'TPS73150SOT23_5_FINAL' used by RefDes U16 for device 'TPS73150_1_TPS73150SOT23_5_FINA' not found in PSMPATH or must be "dbdoctor"ed.

#166 WARNING(SPMHNI-192): Device/Symbol check warning detected. [help]

WARNING(SPMHNI-194): Symbol 'STM32C8T6QFP-48N' used by RefDes U19 for device 'C8T6_0_STM32C8T6QFP-48N_STM32C8' not found in PSMPATH or must be "dbdoctor"ed.

#167 WARNING(SPMHNI-192): Device/Symbol check warning detected. [help]

WARNING(SPMHNI-194): Symbol 'SY7208_SOT23-6-6N' used by RefDes U20 for device 'SY7208_SY7208_SOT23-6-6N_SY7208' not found in PSMPATH or must be "dbdoctor"ed.

#168 WARNING(SPMHNI-192): Device/Symbol check warning detected. [help]

WARNING(SPMHNI-194): Symbol 'AD780SOIC_N-8N' used by RefDes U21 for device 'TPS54331_AD780SOIC_N-8N_TPS5433' not found in PSMPATH or must be "dbdoctor"ed.

#169 WARNING(SPMHNI-192): Device/Symbol check warning detected. [help]

WARNING(SPMHNI-194): Symbol 'AXP209QFN-49N' used by RefDes U22 for device 'AXP209_AXP209QFN-49N_AXP209' not found in PSMPATH or must be "dbdoctor"ed.

#170 WARNING(SPMHNI-192): Device/Symbol check warning detected. [help]

WARNING(SPMHNI-194): Symbol 'LT1371_DD_PAK_TO-8N' used by RefDes U24 for device 'LT1371HV_0_LT1371_DD_PAK_TO-8N_' not found in PSMPATH or must be "dbdoctor"ed.

#171 WARNING(SPMHNI-192): Device/Symbol check warning detected. [help]

WARNING(SPMHNI-194): Symbol 'AD780SOIC_N-8N' used by RefDes U25 for device 'EPCS4SI8N_0_AD780SOIC_N-8N_EPCS' not found in PSMPATH or must be "dbdoctor"ed.

#172 WARNING(SPMHNI-192): Device/Symbol check warning detected. [help]

WARNING(SPMHNI-194): Symbol 'MT48LC16M16A275_TSOP-54N' used by RefDes U26 for device 'MT48LC16M16A2TG-75_4_MT48LC16M1' not found in PSMPATH or must be "dbdoctor"ed.

#173 WARNING(SPMHNI-192): Device/Symbol check warning detected. [help]

WARNING(SPMHNI-194): Symbol 'LEDSEG_DIP12_300_140_036INCH' used by RefDes U27 for device '4_8_SEG_LEDSEG_DIP12_300_140_03' not found in PSMPATH or must be "dbdoctor"ed.

#174 WARNING(SPMHNI-192): Device/Symbol check warning detected. [help]

WARNING(SPMHNI-194): Symbol 'PTH_BUZZER_2PIN' used by RefDes U28 for device 'SOUNDER_PTH_BUZZER_2PIN_SOUNDER' not found in PSMPATH or must be "dbdoctor"ed.

#175 WARNING(SPMHNI-192): Device/Symbol check warning detected. [help]

WARNING(SPMHNI-194): Symbol 'IR2110_SOIC-16N' used by RefDes U29 for device 'IR2110S_IR2110_SOIC-16N_IR2110S' not found in PSMPATH or must be "dbdoctor"ed.

#176 WARNING(SPMHNI-192): Device/Symbol check warning detected. [help]

WARNING(SPMHNI-194): Symbol 'IR2110_SOIC-16N' used by RefDes U30 for device 'IR2110S_IR2110_SOIC-16N_IR211_1' not found in PSMPATH or must be "dbdoctor"ed.

#177 WARNING(SPMHNI-192): Device/Symbol check warning detected. [help]

WARNING(SPMHNI-194): Symbol 'BC847S_SOT-363_6N' used by RefDes U31 for device 'BC847S_BC847S_SOT-363_6N_BC847S' not found in PSMPATH or must be "dbdoctor"ed.

#178 WARNING(SPMHNI-192): Device/Symbol check warning detected. [help]

WARNING(SPMHNI-194): Symbol '8MHZYXC_HC49SMD' used by RefDes Y1 for device 'CRYSTAL_8MHZYXC_HC49SMD_ARM_CRY' not found in PSMPATH or must be "dbdoctor"ed.

#179 WARNING(SPMHNI-192): Device/Symbol check warning detected. [help]

WARNING(SPMHNI-194): Symbol 'YSO751SR_50MHZ_SMD-7050-4N' used by RefDes Y2 for device 'CRYSTAL1-4/SM_YSO751SR_50MHZ_SM' not found in PSMPATH or must be "dbdoctor"ed.

------ Library Paths ------
MODULEPATH =  . 
           C:/Cadence/Cadence_SPB_17.2-2016/share/local/pcb/modules 

PSMPATH =  . 
           symbols 
           .. 
           ../symbols 
           C:/Cadence/Cadence_SPB_17.2-2016/share/local/pcb/symbols 
           C:/Cadence/Cadence_SPB_17.2-2016/share/pcb/pcb_lib/symbols 
           C:/Cadence/Cadence_SPB_17.2-2016/share/pcb/allegrolib/symbols 
           C:/Ninfeion_Git/BBSolarController/pcb/cadence/board/libs/ 

PADPATH =  . 
           symbols 
           .. 
           ../symbols 
           C:/Cadence/Cadence_SPB_17.2-2016/share/local/pcb/padstacks 
           C:/Cadence/Cadence_SPB_17.2-2016/share/pcb/pcb_lib/symbols 
           C:/Cadence/Cadence_SPB_17.2-2016/share/pcb/allegrolib/symbols 
           C:/Ninfeion_Git/BBSolarController/pcb/cadence/board/libs/ 


------ Summary Statistics ------


netrev run on Oct 26 13:51:33 2016
   DESIGN NAME : 'BBSOLARCONTROLLER_V3000'
   PACKAGING ON Aug  8 2016 18:41:50

   COMPILE 'logic'
   CHECK_PIN_NAMES OFF
   CROSS_REFERENCE OFF
   FEEDBACK OFF
   INCREMENTAL OFF
   INTERFACE_TYPE PHYSICAL
   MAX_ERRORS 500
   MERGE_MINIMUM 5
   NET_NAME_CHARS '#%&()*+-./:=>?@[]^_`|'
   NET_NAME_LENGTH 24
   OVERSIGHTS ON
   REPLACE_CHECK OFF
   SINGLE_NODE_NETS ON
   SPLIT_MINIMUM 0
   SUPPRESS   20
   WARNINGS ON

 No error detected
 No oversight detected
179 warnings detected

cpu time      0:01:08
elapsed time  0:00:00

